2026-05-09 15:58:09,108 - INFO - CLI INPUT | symbol=BTCUSDT, side=BUY, type=MARKET, quantity=0.001, price=None
2026-05-09 15:58:10,527 - INFO - Connected to Binance Futures Testnet
2026-05-09 15:58:10,527 - INFO - ORDER REQUEST: {'symbol': 'BTCUSDT', 'side': 'BUY', 'type': 'MARKET', 'quantity': 0.001}
2026-05-09 15:58:10,670 - INFO - ORDER RESPONSE: {'orderId': 13123413455, 'symbol': 'BTCUSDT', 'status': 'NEW', 'clientOrderId': 'x-Cb7ytekJ6fde294f2063e0dcc3735d', 'price': '0.00', 'avgPrice': '0.00', 'origQty': '0.0010', 'executedQty': '0.0000', 'cumQty': '0.0000', 'cumQuote': '0.000000', 'timeInForce': 'GTC', 'type': 'MARKET', 'reduceOnly': False, 'closePosition': False, 'side': 'BUY', 'positionSide': 'BOTH', 'stopPrice': '0.00', 'workingType': 'CONTRACT_PRICE', 'priceProtect': False, 'origType': 'MARKET', 'priceMatch': 'NONE', 'selfTradePreventionMode': 'EXPIRE_MAKER', 'goodTillDate': 0, 'updateTime': 1778322490821}
2026-05-09 15:59:48,512 - INFO - CLI INPUT | symbol=BTCUSDT, side=SELL, type=LIMIT, quantity=0.001, price=120000.0
2026-05-09 15:59:50,201 - INFO - Connected to Binance Futures Testnet
2026-05-09 15:59:50,201 - INFO - ORDER REQUEST: {'symbol': 'BTCUSDT', 'side': 'SELL', 'type': 'LIMIT', 'quantity': 0.001, 'price': 120000.0, 'timeInForce': 'GTC'}
2026-05-09 15:59:50,401 - INFO - ORDER RESPONSE: {'orderId': 13123417019, 'symbol': 'BTCUSDT', 'status': 'NEW', 'clientOrderId': 'x-Cb7ytekJc7edbbf6d7f6acd49ded01', 'price': '120000.00', 'avgPrice': '0.00', 'origQty': '0.0010', 'executedQty': '0.0000', 'cumQty': '0.0000', 'cumQuote': '0.000000', 'timeInForce': 'GTC', 'type': 'LIMIT', 'reduceOnly': False, 'closePosition': False, 'side': 'SELL', 'positionSide': 'BOTH', 'stopPrice': '0.00', 'workingType': 'CONTRACT_PRICE', 'priceProtect': False, 'origType': 'LIMIT', 'priceMatch': 'NONE', 'selfTradePreventionMode': 'EXPIRE_MAKER', 'goodTillDate': 0, 'updateTime': 1778322590499}
2026-05-09 16:21:28,642 - INFO - CLI INPUT | symbol=ETHUSDT, side=BUY, type=MARKET, quantity=0.01, price=None, stop_price=None
2026-05-09 16:21:30,311 - INFO - Connected to Binance Futures Testnet
2026-05-09 16:21:30,311 - INFO - ORDER REQUEST: {'symbol': 'ETHUSDT', 'side': 'BUY', 'type': 'MARKET', 'quantity': 0.01}
2026-05-09 16:21:30,513 - INFO - ORDER RESPONSE: {'orderId': 8693412416, 'symbol': 'ETHUSDT', 'status': 'NEW', 'clientOrderId': 'x-Cb7ytekJ2f2e0302d8f372a463bcb3', 'price': '0.00', 'avgPrice': '0.00', 'origQty': '0.010', 'executedQty': '0.000', 'cumQty': '0.000', 'cumQuote': '0.00000', 'timeInForce': 'GTC', 'type': 'MARKET', 'reduceOnly': False, 'closePosition': False, 'side': 'BUY', 'positionSide': 'BOTH', 'stopPrice': '0.00', 'workingType': 'CONTRACT_PRICE', 'priceProtect': False, 'origType': 'MARKET', 'priceMatch': 'NONE', 'selfTradePreventionMode': 'EXPIRE_MAKER', 'goodTillDate': 0, 'updateTime': 1778323890605}
2026-05-09 16:23:17,978 - INFO - CLI INPUT | symbol=ETHUSDT, side=SELL, type=MARKET, quantity=0.01, price=None, stop_price=None
2026-05-09 16:23:19,795 - INFO - Connected to Binance Futures Testnet
2026-05-09 16:23:19,795 - INFO - ORDER REQUEST: {'symbol': 'ETHUSDT', 'side': 'SELL', 'type': 'MARKET', 'quantity': 0.01}
2026-05-09 16:23:19,980 - INFO - ORDER RESPONSE: {'orderId': 8693414314, 'symbol': 'ETHUSDT', 'status': 'NEW', 'clientOrderId': 'x-Cb7ytekJ545f85d2858ec8a94fccb2', 'price': '0.00', 'avgPrice': '0.00', 'origQty': '0.010', 'executedQty': '0.000', 'cumQty': '0.000', 'cumQuote': '0.00000', 'timeInForce': 'GTC', 'type': 'MARKET', 'reduceOnly': False, 'closePosition': False, 'side': 'SELL', 'positionSide': 'BOTH', 'stopPrice': '0.00', 'workingType': 'CONTRACT_PRICE', 'priceProtect': False, 'origType': 'MARKET', 'priceMatch': 'NONE', 'selfTradePreventionMode': 'EXPIRE_MAKER', 'goodTillDate': 0, 'updateTime': 1778324000090}
2026-05-09 16:27:22,182 - INFO - CLI INPUT | symbol=ETHUSDT, side=BUY, type=MARKET, quantity=0.01, price=None, stop_price=None
2026-05-09 16:27:23,981 - INFO - Connected to Binance Futures Testnet
2026-05-09 16:27:23,981 - INFO - ORDER REQUEST: {'symbol': 'ETHUSDT', 'side': 'BUY', 'type': 'MARKET', 'quantity': 0.01, 'newOrderRespType': 'RESULT'}
2026-05-09 16:27:24,185 - INFO - ORDER RESPONSE: {'orderId': 8693418153, 'symbol': 'ETHUSDT', 'status': 'FILLED', 'clientOrderId': 'x-Cb7ytekJ51e41a263762e249abcdb5', 'price': '0.00', 'avgPrice': '2312.03000', 'origQty': '0.010', 'executedQty': '0.010', 'cumQty': '0.010', 'cumQuote': '23.12030', 'timeInForce': 'GTC', 'type': 'MARKET', 'reduceOnly': False, 'closePosition': False, 'side': 'BUY', 'positionSide': 'BOTH', 'stopPrice': '0.00', 'workingType': 'CONTRACT_PRICE', 'priceProtect': False, 'origType': 'MARKET', 'priceMatch': 'NONE', 'selfTradePreventionMode': 'EXPIRE_MAKER', 'goodTillDate': 0, 'updateTime': 1778324244266}
2026-05-09 16:27:52,773 - INFO - CLI INPUT | symbol=ETHUSDT, side=SELL, type=MARKET, quantity=0.01, price=None, stop_price=None
2026-05-09 16:27:54,702 - INFO - Connected to Binance Futures Testnet
2026-05-09 16:27:54,702 - INFO - ORDER REQUEST: {'symbol': 'ETHUSDT', 'side': 'SELL', 'type': 'MARKET', 'quantity': 0.01, 'newOrderRespType': 'RESULT'}
2026-05-09 16:27:54,900 - INFO - ORDER RESPONSE: {'orderId': 8693418666, 'symbol': 'ETHUSDT', 'status': 'FILLED', 'clientOrderId': 'x-Cb7ytekJ81bf97b65b21b40874cd95', 'price': '0.00', 'avgPrice': '2311.84000', 'origQty': '0.010', 'executedQty': '0.010', 'cumQty': '0.010', 'cumQuote': '23.11840', 'timeInForce': 'GTC', 'type': 'MARKET', 'reduceOnly': False, 'closePosition': False, 'side': 'SELL', 'positionSide': 'BOTH', 'stopPrice': '0.00', 'workingType': 'CONTRACT_PRICE', 'priceProtect': False, 'origType': 'MARKET', 'priceMatch': 'NONE', 'selfTradePreventionMode': 'EXPIRE_MAKER', 'goodTillDate': 0, 'updateTime': 1778324274998}
2026-05-09 16:28:58,661 - INFO - CLI INPUT | symbol=ETHUSDT, side=BUY, type=LIMIT, quantity=0.01, price=1500.0, stop_price=None
2026-05-09 16:29:00,386 - INFO - Connected to Binance Futures Testnet
2026-05-09 16:29:00,386 - INFO - ORDER REQUEST: {'symbol': 'ETHUSDT', 'side': 'BUY', 'type': 'LIMIT', 'quantity': 0.01, 'newOrderRespType': 'RESULT', 'price': 1500.0, 'timeInForce': 'GTC'}
2026-05-09 16:29:00,544 - ERROR - BINANCE API ERROR | status_code=400 | message=Order's notional must be no smaller than 20 (unless you choose reduce only).
2026-05-09 16:29:00,544 - ERROR - CLI ERROR: Binance API Error: Order's notional must be no smaller than 20 (unless you choose reduce only).
2026-05-09 16:29:42,373 - INFO - CLI INPUT | symbol=ETHUSDT, side=BUY, type=LIMIT, quantity=0.02, price=1500.0, stop_price=None
2026-05-09 16:29:43,965 - INFO - Connected to Binance Futures Testnet
2026-05-09 16:29:43,965 - INFO - ORDER REQUEST: {'symbol': 'ETHUSDT', 'side': 'BUY', 'type': 'LIMIT', 'quantity': 0.02, 'newOrderRespType': 'RESULT', 'price': 1500.0, 'timeInForce': 'GTC'}
2026-05-09 16:29:44,161 - INFO - ORDER RESPONSE: {'orderId': 8693420413, 'symbol': 'ETHUSDT', 'status': 'NEW', 'clientOrderId': 'x-Cb7ytekJ4f5605ccabedaa43e74d4', 'price': '1500.00', 'avgPrice': '0.00', 'origQty': '0.020', 'executedQty': '0.000', 'cumQty': '0.000', 'cumQuote': '0.00000', 'timeInForce': 'GTC', 'type': 'LIMIT', 'reduceOnly': False, 'closePosition': False, 'side': 'BUY', 'positionSide': 'BOTH', 'stopPrice': '0.00', 'workingType': 'CONTRACT_PRICE', 'priceProtect': False, 'origType': 'LIMIT', 'priceMatch': 'NONE', 'selfTradePreventionMode': 'EXPIRE_MAKER', 'goodTillDate': 0, 'updateTime': 1778324384251}
